{
    "versions_single_end": {
        "content": [
            [
                "versions.yml:md5,568f84244f48814157d4cf29d4b897e0"
            ]
        ],
        "meta": {
            "nf-test": "0.8.4",
            "nextflow": "23.10.1"
        },
        "timestamp": "2024-02-01T15:46:38.947909224"
    },
    "versions_config": {
        "content": [
            [
                "versions.yml:md5,568f84244f48814157d4cf29d4b897e0"
            ]
        ],
        "meta": {
            "nf-test": "0.8.4",
            "nextflow": "23.10.1"
        },
        "timestamp": "2024-02-01T15:47:38.253497307"
    },
    "sarscov2 single-end [fastqc] - stub": {
        "content": [
            [
                "multiqc_report.html",
                "multiqc_data",
                "multiqc_plots",
                "versions.yml:md5,568f84244f48814157d4cf29d4b897e0"
            ]
        ],
        "meta": {
            "nf-test": "0.8.4",
            "nextflow": "23.10.1"
        },
        "timestamp": "2024-02-01T15:48:16.313769297"
    }
}