{
    "Sarscov2 Genome GFF": {
        "content": [
            {
                "0": [
                    [
                        {
                            "id": "test"
                        },
                        "test.stats.txt:md5,a41a0a9cfba3ed7cc1aff28815843c78"
                    ]
                ],
                "1": [
                    "versions.yml:md5,99b5257d7ffde0cdd1a3e99e4b5e9f6a"
                ],
                "stats_txt": [
                    [
                        {
                            "id": "test"
                        },
                        "test.stats.txt:md5,a41a0a9cfba3ed7cc1aff28815843c78"
                    ]
                ],
                "versions": [
                    "versions.yml:md5,99b5257d7ffde0cdd1a3e99e4b5e9f6a"
                ]
            }
        ],
        "timestamp": "2023-04-05T18:06:21+0000"
    },
    "sarscov2_genome_gff": {
        "content": [
            {
                "0": [
                    [
                        {
                            "id": "test"
                        },
                        "test.stats.txt:md5,a41a0a9cfba3ed7cc1aff28815843c78"
                    ]
                ],
                "1": [
                    "versions.yml:md5,99b5257d7ffde0cdd1a3e99e4b5e9f6a"
                ],
                "stats_txt": [
                    [
                        {
                            "id": "test"
                        },
                        "test.stats.txt:md5,a41a0a9cfba3ed7cc1aff28815843c78"
                    ]
                ],
                "versions": [
                    "versions.yml:md5,99b5257d7ffde0cdd1a3e99e4b5e9f6a"
                ]
            }
        ],
        "timestamp": "2023-04-05T18:06:21+0000"
    }
}