{
    "bed": {
        "content": [
            [
                "test2.bed:md5,0cf6ed2b6f470cd44a247da74ca4fe4e",
                "versions.yml:md5,121fffc46a67e20ad562690920aef5b3"
            ]
        ],
        "timestamp": "2023-04-11T22:02:06+0000"
    },
    "fasta": {
        "content": [
            [
                "test2.bed:md5,622d1f62786fe4239b76c53168f21c54",
                "versions.yml:md5,121fffc46a67e20ad562690920aef5b3"
            ]
        ],
        "timestamp": "2023-04-11T22:02:06+0000"
    }
}