{
    "Human Illumina PE Sorted BAM": {
        "content": [
            [
                "test.counts.gz:md5,c1d296252105cce5f4a891985d98f3db",
                "test.icnts.gz:md5,de524782a29d647d4a358fb98756665b",
                "test.pos.gz:md5,2ac40e7f6bf7e5735c8267b892b99368",
                "versions.yml:md5,211a931297225fefaa891d02b755e215"
            ]
        ],
        "timestamp": "2023-04-06T01:18:44+0000"
    }
}