{
    "bed_preprocessed_vcf": {
        "content": [
            [
                [
                    {
                        "id": "test"
                    },
                    "test.vcf.gz:md5,104bef89ea50fe0996c6659c8196d3d8"
                ]
            ]
        ],
        "meta": {
            "nf-test": "0.8.4",
            "nextflow": "23.10.1"
        },
        "timestamp": "2024-03-13T14:54:02.133869411"
    },
    "homo_sapiens - illumina - vcf": {
        "content": [
            [
                [
                    {
                        "id": "test"
                    },
                    "test.vcf.gz:md5,2bbb21b66a0bf0da4b8f0b2665051cd2"
                ]
            ],
            [
                "versions.yml:md5,0a8f8cf051042e072869877cbcabcb7d"
            ]
        ],
        "meta": {
            "nf-test": "0.8.4",
            "nextflow": "23.10.1"
        },
        "timestamp": "2024-03-13T14:47:45.433375818"
    },
    "preprocessed_vcf": {
        "content": [
            [
                [
                    {
                        "id": "test"
                    },
                    "test.vcf.gz:md5,e1e3e25c0e9f137113d1d8ab41787da9"
                ]
            ]
        ],
        "meta": {
            "nf-test": "0.8.4",
            "nextflow": "23.10.1"
        },
        "timestamp": "2024-03-13T14:54:14.451002632"
    },
    "versions": {
        "content": [
            [
                "versions.yml:md5,0a8f8cf051042e072869877cbcabcb7d"
            ]
        ],
        "meta": {
            "nf-test": "0.8.4",
            "nextflow": "23.10.1"
        },
        "timestamp": "2024-03-13T13:57:40.194669566"
    },
    "bed_versions": {
        "content": [
            [
                "versions.yml:md5,0a8f8cf051042e072869877cbcabcb7d"
            ]
        ],
        "meta": {
            "nf-test": "0.8.4",
            "nextflow": "23.10.1"
        },
        "timestamp": "2024-03-13T14:54:02.152541068"
    },
    "stub": {
        "content": [
            [
                [
                    {
                        "id": "test"
                    },
                    "/workspace/modules/.nf-test/tests/ea8c261a4657b2219cd9849cca7d04e2/work/53/ca7f5b1df81a76db66b796403a4a9e/test.vcf.gz"
                ]
            ],
            [
                "versions.yml:md5,0a8f8cf051042e072869877cbcabcb7d"
            ]
        ],
        "meta": {
            "nf-test": "0.8.4",
            "nextflow": "23.10.1"
        },
        "timestamp": "2024-03-13T14:47:57.688711645"
    },
    "homo_sapiens - illumina - vcf - bed": {
        "content": [
            [
                [
                    {
                        "id": "test"
                    },
                    "test.vcf.gz:md5,6e06f4d68e06d2a2123f99991307c14a"
                ]
            ],
            [
                "versions.yml:md5,0a8f8cf051042e072869877cbcabcb7d"
            ]
        ],
        "meta": {
            "nf-test": "0.8.4",
            "nextflow": "23.10.1"
        },
        "timestamp": "2024-03-13T14:47:32.2259183"
    },
    "stub_preprocessed_vcf": {
        "content": [
            [
                [
                    {
                        "id": "test"
                    },
                    "/workspace/modules/.nf-test/tests/ea8c261a4657b2219cd9849cca7d04e2/work/9d/d1983fbce85a7d129901cd94aef05f/test.vcf.gz"
                ]
            ]
        ],
        "meta": {
            "nf-test": "0.8.4",
            "nextflow": "23.10.1"
        },
        "timestamp": "2024-03-13T14:54:26.04893353"
    },
    "stub_versions": {
        "content": [
            [
                "versions.yml:md5,0a8f8cf051042e072869877cbcabcb7d"
            ]
        ],
        "meta": {
            "nf-test": "0.8.4",
            "nextflow": "23.10.1"
        },
        "timestamp": "2024-03-13T14:54:26.061357048"
    }
}