{
    "coverage": {
        "content": [
            [
                "test.coverage.bed:md5,3d7e917f97bcb728510b614aa117193b",
                "versions.yml:md5,53d0ba29bf99f699cf0ddd862514e897"
            ]
        ],
        "timestamp": "2023-04-11T19:48:39+0000"
    },
    "coverage_fasta": {
        "content": [
            [
                "test.coverage.bed:md5,3d7e917f97bcb728510b614aa117193b",
                "versions.yml:md5,53d0ba29bf99f699cf0ddd862514e897"
            ]
        ],
        "timestamp": "2023-04-11T19:48:39+0000"
    }
}