{
    "Sarscov2 Illumina VCF": {
        "content": [
            [
                [
                    "0000.vcf.gz:md5,4f24467157f5c7a3b336481acf0c8a65",
                    "0000.vcf.gz.tbi:md5,1a1edb22d2a33f9673449827e1cd38e8",
                    "0001.vcf.gz:md5,4f24467157f5c7a3b336481acf0c8a65",
                    "0001.vcf.gz.tbi:md5,1a1edb22d2a33f9673449827e1cd38e8",
                    "README.txt:md5,10fc33b66522645600d44afbd41fb792",
                    "sites.txt:md5,1cea3fbde7f6d3c97f3d39036f9690df"
                ],
                "versions.yml:md5,8f657520963dd8a86dc1698416ee3cf3"
            ]
        ],
        "timestamp": "2023-04-09T14:04:34+0000"
    }
}