{
    "subseq_fa": {
        "content": [
            "genome.fasta.filtered.fa.gz"
        ],
        "timestamp": "2024-02-21T12:06:35.817831"
    },
    "subseq_fa_stub": {
        "content": [
            "genome.fasta.filtered.fa.gz"
        ],
        "timestamp": "2024-02-21T12:06:43.833633"
    },
    "sarscov2_subseq_fa": {
        "content": [
            {
                "0": [
                    [
                        {
                            "id": "test"
                        },
                        "genome.fasta.filtered.fa.gz:md5,31c95c4d686526cf002f6119bc55b2b2"
                    ]
                ],
                "1": [
                    "versions.yml:md5,cd7682f4da748ef6d083c4a4656cc1e2"
                ],
                "sequences": [
                    [
                        {
                            "id": "test"
                        },
                        "genome.fasta.filtered.fa.gz:md5,31c95c4d686526cf002f6119bc55b2b2"
                    ]
                ],
                "versions": [
                    "versions.yml:md5,cd7682f4da748ef6d083c4a4656cc1e2"
                ]
            }
        ],
        "timestamp": "2024-02-21T12:06:35.769636"
    },
    "sarscov2_subseq_fa_stub": {
        "content": [
            {
                "0": [
                    [
                        {
                            "id": "test"
                        },
                        "genome.fasta.filtered.fa.gz:md5,68b329da9893e34099c7d8ad5cb9c940"
                    ]
                ],
                "1": [
                    "versions.yml:md5,cd7682f4da748ef6d083c4a4656cc1e2"
                ],
                "sequences": [
                    [
                        {
                            "id": "test"
                        },
                        "genome.fasta.filtered.fa.gz:md5,68b329da9893e34099c7d8ad5cb9c940"
                    ]
                ],
                "versions": [
                    "versions.yml:md5,cd7682f4da748ef6d083c4a4656cc1e2"
                ]
            }
        ],
        "timestamp": "2024-02-21T12:06:43.807255"
    }
}