{
    "Human Illumina PE Sorted BAM": {
        "content": [
            "versions.yml:md5,208f6ef7923cec00ddbcd5825f84a4fa",
            "test.paired_end.sorted_ignoredReads.txt.gz:md5,9b64c47313d2de89c26790f713707ee6"
        ],
        "timestamp": "2023-04-07T21:09:54+0000"
    }
}