{
    "Sarscov2 Illumina PE BAM": {
        "content": [
            [
                "test.coverage.hist.txt:md5,96915920ef42ddc9483457dd4585a088",
                "test.coverage.stats.txt:md5,c3fc9d0681589b69e3301ca3cb27b7a4",
                "versions.yml:md5,e293e3ed6387ce89f3443050f36fb079"
            ]
        ],
        "timestamp": "2023-04-08T14:34:34+0000"
    }
}