{
    "Should run without failures": {
        "content": [
            [
                "ampcombi.log:md5,4611addfa6fb326b554e055777ef0355",
                [
                    "sample_1_amp.faa:md5,9d7f55164e093c8eabbe84ceec8135de",
                    "sample_1_ampcombi.csv:md5,e550e389617a1139387310544c6e555f",
                    "sample_1_diamond_matches.txt:md5,2ab4e98a261f400d8729ef477b3e3c64"
                ],
                "versions.yml:md5,b9ec8aabc26aa6c5129da76c119e60b0"
            ]
        ],
        "timestamp": "2023-04-06T00:34:23+0000"
    }
}