{
    "human_genome_gtf_fasta": {
        "content": [
            [
                "homo_sapiens.anno.tsv:md5,f064258c7741d1ca0c9ff3492797a835",
                "versions.yml:md5,a6f9622615b98b2c777db8c7d56b3ff8"
            ]
        ],
        "timestamp": "2023-04-07T21:57:31+0000"
    },
    "human_genome_gtf": {
        "content": [
            [
                "homo_sapiens.anno.tsv:md5,f064258c7741d1ca0c9ff3492797a835",
                "versions.yml:md5,a6f9622615b98b2c777db8c7d56b3ff8"
            ]
        ],
        "timestamp": "2023-04-07T21:57:31+0000"
    }
}