{
    "sarscov2_gff_tbi": {
        "content": [
            {
                "0": [
                    [
                        {
                            "id": "test"
                        },
                        "genome.gff3.gz.tbi:md5,f79a67d95a98076e04fbe0455d825926"
                    ]
                ],
                "1": [
                    
                ],
                "2": [
                    "versions.yml:md5,bc3126518eeb13784f0314c121c70b1b"
                ],
                "csi": [
                    
                ],
                "tbi": [
                    [
                        {
                            "id": "test"
                        },
                        "genome.gff3.gz.tbi:md5,f79a67d95a98076e04fbe0455d825926"
                    ]
                ],
                "versions": [
                    "versions.yml:md5,bc3126518eeb13784f0314c121c70b1b"
                ]
            }
        ],
        "timestamp": "2024-02-16T14:10:00.26425"
    },
    "sarscov2_bedgz_tbi": {
        "content": [
            {
                "0": [
                    [
                        {
                            "id": "B.bed"
                        },
                        "test.bed.gz.tbi:md5,5b40851ab6b8ccf7946313c86481c0df"
                    ]
                ],
                "1": [
                    
                ],
                "2": [
                    "versions.yml:md5,bc3126518eeb13784f0314c121c70b1b"
                ],
                "csi": [
                    
                ],
                "tbi": [
                    [
                        {
                            "id": "B.bed"
                        },
                        "test.bed.gz.tbi:md5,5b40851ab6b8ccf7946313c86481c0df"
                    ]
                ],
                "versions": [
                    "versions.yml:md5,bc3126518eeb13784f0314c121c70b1b"
                ]
            }
        ],
        "timestamp": "2024-02-16T14:09:51.053601"
    },
    "sarscov2_vcf_tbi": {
        "content": [
            {
                "0": [
                    [
                        {
                            "id": "test.vcf"
                        },
                        "test.vcf.gz.tbi:md5,d22e5b84e4fcd18792179f72e6da702e"
                    ]
                ],
                "1": [
                    
                ],
                "2": [
                    "versions.yml:md5,bc3126518eeb13784f0314c121c70b1b"
                ],
                "csi": [
                    
                ],
                "tbi": [
                    [
                        {
                            "id": "test.vcf"
                        },
                        "test.vcf.gz.tbi:md5,d22e5b84e4fcd18792179f72e6da702e"
                    ]
                ],
                "versions": [
                    "versions.yml:md5,bc3126518eeb13784f0314c121c70b1b"
                ]
            }
        ],
        "timestamp": "2024-02-16T14:10:09.228035"
    },
    "sarscov2_vcf_csi_stub": {
        "content": [
            {
                "0": [
                    [
                        {
                            "id": "test.vcf"
                        },
                        "test.vcf.gz.tbi:md5,d41d8cd98f00b204e9800998ecf8427e"
                    ]
                ],
                "1": [
                    
                ],
                "2": [
                    "versions.yml:md5,b3438f135bde58e033e7a39912296a87"
                ],
                "csi": [
                    
                ],
                "tbi": [
                    [
                        {
                            "id": "test.vcf"
                        },
                        "test.vcf.gz.tbi:md5,d41d8cd98f00b204e9800998ecf8427e"
                    ]
                ],
                "versions": [
                    "versions.yml:md5,b3438f135bde58e033e7a39912296a87"
                ]
            }
        ],
        "timestamp": "2024-02-16T14:10:27.152032"
    },
    "sarscov2_vcf_csi": {
        "content": [
            {
                "0": [
                    
                ],
                "1": [
                    [
                        {
                            "id": "test.vcf"
                        },
                        "test.vcf.gz.csi:md5,6f733d80ee760fcc8fdbe504a03f2640"
                    ]
                ],
                "2": [
                    "versions.yml:md5,bc3126518eeb13784f0314c121c70b1b"
                ],
                "csi": [
                    [
                        {
                            "id": "test.vcf"
                        },
                        "test.vcf.gz.csi:md5,6f733d80ee760fcc8fdbe504a03f2640"
                    ]
                ],
                "tbi": [
                    
                ],
                "versions": [
                    "versions.yml:md5,bc3126518eeb13784f0314c121c70b1b"
                ]
            }
        ],
        "timestamp": "2024-02-16T14:10:18.295495"
    }
}