{
    "vcf": {
        "content": [
            [
                "out.vcf.gz:md5,4f24467157f5c7a3b336481acf0c8a65",
                "versions.yml:md5,458be30ad798e9b063594a9762e77b71"
            ]
        ],
        "timestamp": "2023-04-08T15:12:00+0000"
    },
    "vcf_regions_markers": {
        "content": [
            [
                "out.vcf.gz:md5,ed691eee98c5c5abdf751e3006b8e206",
                "versions.yml:md5,458be30ad798e9b063594a9762e77b71"
            ]
        ],
        "timestamp": "2023-04-08T15:12:00+0000"
    }
}