{
    "Sarscov2 Genome Fasta": {
        "content": [
            [
                "test.json:md5,9140e3d43f2d676f62e1325ace5dd8bd",
                "versions.yml:md5,406f16dbbbf8f98709caafe49ca10e21"
            ]
        ],
        "timestamp": "2023-04-07T20:51:11+0000"
    }
}