{
    "sarscov2_rename_fa": {
        "content": [
            {
                "0": [
                    [
                        {
                            "id": "test"
                        },
                        "test.renamed.fasta.gz:md5,e7af2f17b48305567b582035264cb76e"
                    ]
                ],
                "1": [
                    "versions.yml:md5,8091ea074c455deb88edda60069f8bad"
                ],
                "sequences": [
                    [
                        {
                            "id": "test"
                        },
                        "test.renamed.fasta.gz:md5,e7af2f17b48305567b582035264cb76e"
                    ]
                ],
                "versions": [
                    "versions.yml:md5,8091ea074c455deb88edda60069f8bad"
                ]
            }
        ],
        "timestamp": "2024-02-21T12:02:11.58413"
    },
    "sarscov2_rename_fq": {
        "content": [
            {
                "0": [
                    [
                        {
                            "id": "test"
                        },
                        "test.renamed.fastq.gz:md5,571e6f3c4be6c1e29254b5b973bc8ef5"
                    ]
                ],
                "1": [
                    "versions.yml:md5,8091ea074c455deb88edda60069f8bad"
                ],
                "sequences": [
                    [
                        {
                            "id": "test"
                        },
                        "test.renamed.fastq.gz:md5,571e6f3c4be6c1e29254b5b973bc8ef5"
                    ]
                ],
                "versions": [
                    "versions.yml:md5,8091ea074c455deb88edda60069f8bad"
                ]
            }
        ],
        "timestamp": "2024-02-21T12:02:19.657295"
    },
    "rename_fa_stub": {
        "content": [
            "test.renamed.fastq.gz"
        ],
        "timestamp": "2024-02-21T12:02:27.780368"
    },
    "sarscov2_rename_fq_stub": {
        "content": [
            {
                "0": [
                    [
                        {
                            "id": "test"
                        },
                        "test.renamed.fastq.gz:md5,68b329da9893e34099c7d8ad5cb9c940"
                    ]
                ],
                "1": [
                    "versions.yml:md5,98af0816e6b4e22b6b9ca611c27b0fcc"
                ],
                "sequences": [
                    [
                        {
                            "id": "test"
                        },
                        "test.renamed.fastq.gz:md5,68b329da9893e34099c7d8ad5cb9c940"
                    ]
                ],
                "versions": [
                    "versions.yml:md5,98af0816e6b4e22b6b9ca611c27b0fcc"
                ]
            }
        ],
        "timestamp": "2024-02-21T12:02:27.749234"
    },
    "rename_fa": {
        "content": [
            "test.renamed.fasta.gz"
        ],
        "timestamp": "2024-02-21T12:02:11.639285"
    },
    "rename_fq": {
        "content": [
            "test.renamed.fastq.gz"
        ],
        "timestamp": "2024-02-21T12:02:19.712716"
    }
}