{
    "mergepe_single_end": {
        "content": [
            {
                "0": [
                    [
                        {
                            "id": "test",
                            "single_end": true
                        },
                        "test.fastq.gz:md5,4161df271f9bfcd25d5845a1e220dbec"
                    ]
                ],
                "1": [
                    "versions.yml:md5,d07071ee60bbad7c7e31fed6a86323ea"
                ],
                "reads": [
                    [
                        {
                            "id": "test",
                            "single_end": true
                        },
                        "test.fastq.gz:md5,4161df271f9bfcd25d5845a1e220dbec"
                    ]
                ],
                "versions": [
                    "versions.yml:md5,d07071ee60bbad7c7e31fed6a86323ea"
                ]
            }
        ],
        "timestamp": "2024-02-21T12:00:05.078335"
    },
    "mergepe_paired_end": {
        "content": [
            {
                "0": [
                    [
                        {
                            "id": "test",
                            "single_end": false
                        },
                        "test.fastq.gz:md5,efe40fe3df38b5a1c469890e5ad19874"
                    ]
                ],
                "1": [
                    "versions.yml:md5,d07071ee60bbad7c7e31fed6a86323ea"
                ],
                "reads": [
                    [
                        {
                            "id": "test",
                            "single_end": false
                        },
                        "test.fastq.gz:md5,efe40fe3df38b5a1c469890e5ad19874"
                    ]
                ],
                "versions": [
                    "versions.yml:md5,d07071ee60bbad7c7e31fed6a86323ea"
                ]
            }
        ],
        "timestamp": "2024-02-21T12:00:13.344483"
    },
    "mergepe_single_end_stub": {
        "content": [
            {
                "0": [
                    [
                        {
                            "id": "test",
                            "single_end": true
                        },
                        "test.fastq.gz:md5,68b329da9893e34099c7d8ad5cb9c940"
                    ]
                ],
                "1": [
                    "versions.yml:md5,d07071ee60bbad7c7e31fed6a86323ea"
                ],
                "reads": [
                    [
                        {
                            "id": "test",
                            "single_end": true
                        },
                        "test.fastq.gz:md5,68b329da9893e34099c7d8ad5cb9c940"
                    ]
                ],
                "versions": [
                    "versions.yml:md5,d07071ee60bbad7c7e31fed6a86323ea"
                ]
            }
        ],
        "timestamp": "2024-02-21T12:00:21.80313"
    },
    "single_end_stub": {
        "content": [
            "test.fastq.gz"
        ],
        "timestamp": "2024-02-21T12:00:21.897957"
    },
    "single_end": {
        "content": [
            "test.fastq.gz"
        ],
        "timestamp": "2024-02-21T12:00:05.137818"
    },
    "paired_end": {
        "content": [
            "test.fastq.gz"
        ],
        "timestamp": "2024-02-21T12:00:13.397846"
    }
}