{
    "sarscov2 genome [fasta] - stub": {
        "content": [
            [
                "test.sbt.zip",
                "versions.yml:md5,a0f7edb1cdc7f616798c76c05f691c4e"
            ]
        ],
        "timestamp": "2023-12-28T18:42:58.925226193"
    },
    "sarscov2 genome [fasta]": {
        "content": [
            [
                "versions.yml:md5,a0f7edb1cdc7f616798c76c05f691c4e"
            ]
        ],
        "timestamp": "2023-12-28T18:42:42.082444403"
    }
}