{
    "homo_sapiens - [cram,crai]": {
        "content": [
            {
                "0": [
                    [
                        {
                            "id": "test"
                        },
                        "test.vcf.gz:md5,b27408b3a42049d8c180761265ce44bf"
                    ]
                ],
                "1": [
                    [
                        {
                            "id": "test"
                        },
                        "test.vcf.gz.tbi:md5,e7180bb953d2bd657c420a5f76a7164d"
                    ]
                ],
                "2": [
                    "versions.yml:md5,913e0d1c14eef3de3871438a25713a48"
                ],
                "bcf": [
                    [
                        {
                            "id": "test"
                        },
                        "test.vcf.gz:md5,b27408b3a42049d8c180761265ce44bf"
                    ]
                ],
                "csi": [
                    [
                        {
                            "id": "test"
                        },
                        "test.vcf.gz.tbi:md5,e7180bb953d2bd657c420a5f76a7164d"
                    ]
                ],
                "versions": [
                    "versions.yml:md5,913e0d1c14eef3de3871438a25713a48"
                ]
            }
        ],
        "timestamp": "2023-11-29T17:42:17.942812572"
    },
    "homo_sapiens - [cram,crai] - genotype [vcf.gz, vcf.gz.tbi]": {
        "content": [
            {
                "0": [
                    [
                        {
                            "id": "test"
                        },
                        "test.vcf.gz:md5,b27408b3a42049d8c180761265ce44bf"
                    ]
                ],
                "1": [
                    [
                        {
                            "id": "test"
                        },
                        "test.vcf.gz.tbi:md5,e7180bb953d2bd657c420a5f76a7164d"
                    ]
                ],
                "2": [
                    "versions.yml:md5,913e0d1c14eef3de3871438a25713a48"
                ],
                "bcf": [
                    [
                        {
                            "id": "test"
                        },
                        "test.vcf.gz:md5,b27408b3a42049d8c180761265ce44bf"
                    ]
                ],
                "csi": [
                    [
                        {
                            "id": "test"
                        },
                        "test.vcf.gz.tbi:md5,e7180bb953d2bd657c420a5f76a7164d"
                    ]
                ],
                "versions": [
                    "versions.yml:md5,913e0d1c14eef3de3871438a25713a48"
                ]
            }
        ],
        "timestamp": "2023-11-29T17:42:46.525120871"
    },
    "homo_sapiens - [bam,bai]": {
        "content": [
            {
                "0": [
                    [
                        {
                            "id": "test"
                        },
                        "test.bcf:md5,2ff1b1b6a2f3a81ca2fcc6a8836f6389"
                    ]
                ],
                "1": [
                    [
                        {
                            "id": "test"
                        },
                        "test.bcf.csi:md5,66545c77fc791a02dadc7fc252d04635"
                    ]
                ],
                "2": [
                    "versions.yml:md5,913e0d1c14eef3de3871438a25713a48"
                ],
                "bcf": [
                    [
                        {
                            "id": "test"
                        },
                        "test.bcf:md5,2ff1b1b6a2f3a81ca2fcc6a8836f6389"
                    ]
                ],
                "csi": [
                    [
                        {
                            "id": "test"
                        },
                        "test.bcf.csi:md5,66545c77fc791a02dadc7fc252d04635"
                    ]
                ],
                "versions": [
                    "versions.yml:md5,913e0d1c14eef3de3871438a25713a48"
                ]
            }
        ],
        "timestamp": "2023-11-29T17:42:00.048727722"
    },
    "homo_sapiens - [cram,crai] - exclude_regions - bed": {
        "content": [
            {
                "0": [
                    [
                        {
                            "id": "test"
                        },
                        "test.bcf:md5,9e83cc9f6255e3004c66e403ed65bb82"
                    ]
                ],
                "1": [
                    [
                        {
                            "id": "test"
                        },
                        "test.bcf.csi:md5,a2ba4f0b32a6ea857ec8a5b3068f168f"
                    ]
                ],
                "2": [
                    "versions.yml:md5,913e0d1c14eef3de3871438a25713a48"
                ],
                "bcf": [
                    [
                        {
                            "id": "test"
                        },
                        "test.bcf:md5,9e83cc9f6255e3004c66e403ed65bb82"
                    ]
                ],
                "csi": [
                    [
                        {
                            "id": "test"
                        },
                        "test.bcf.csi:md5,a2ba4f0b32a6ea857ec8a5b3068f168f"
                    ]
                ],
                "versions": [
                    "versions.yml:md5,913e0d1c14eef3de3871438a25713a48"
                ]
            }
        ],
        "timestamp": "2023-11-29T17:42:29.052293068"
    },
    "homo_sapiens-stub": {
        "content": [
            "test.bcf",
            "test.bcf.csi"
        ],
        "timestamp": "2023-11-29T17:43:00.124658313"
    }
}