{
    "se_versions": {
        "content": [
            [
                "versions.yml:md5,11b9cf11de1d9c428f6f2d1ff293c420",
                "versions.yml:md5,43bee7624dd94151feeac14346102228",
                "versions.yml:md5,493b15263efc8230741fc8c0a4ab378b",
                "versions.yml:md5,b4ccce0351e5718d36600858452dd4b1",
                "versions.yml:md5,b668538ba8fabc24e2d5ca5c0a1a8b87",
                "versions.yml:md5,e3a6719b98572eab19e8041c59031ac1"
            ]
        ],
        "timestamp": "2023-11-25T21:57:14.202284599"
    },
    "se_bai": {
        "content": [
            [
                [
                    {
                        "id": "test",
                        "single_end": true
                    },
                    "test.sorted.bam.bai:md5,af2f8016a65f96ba633f1d88ced0d919"
                ]
            ]
        ],
        "timestamp": "2023-11-25T21:57:14.125845434"
    },
    "pe_flagstat": {
        "content": [
            [
                [
                    {
                        "id": "test",
                        "single_end": false
                    },
                    "test.flagstat:md5,2fa0d90162a1b655863796c2a6bd8f45"
                ]
            ]
        ],
        "timestamp": "2023-11-25T21:57:40.923188208"
    },
    "se_summary": {
        "content": [
            [
                [
                    {
                        "id": "test",
                        "single_end": true
                    },
                    "test.hisat2.summary.log:md5,7b8a9e61b7646da1089b041333c41a87"
                ]
            ]
        ],
        "timestamp": "2023-11-25T21:57:14.112245095"
    },
    "pe_summary": {
        "content": [
            [
                [
                    {
                        "id": "test",
                        "single_end": false
                    },
                    "test.hisat2.summary.log:md5,9839b31db795958cc4b70711a3414e9c"
                ]
            ]
        ],
        "timestamp": "2023-11-25T21:57:40.884723151"
    },
    "pe_fastq": {
        "content": [
            [
                
            ]
        ],
        "timestamp": "2023-11-25T21:57:40.895166159"
    },
    "pe_idxstats": {
        "content": [
            [
                [
                    {
                        "id": "test",
                        "single_end": false
                    },
                    "test.idxstats:md5,1adb27b52d4d64b826f48b59d61dcd4d"
                ]
            ]
        ],
        "timestamp": "2023-11-25T21:57:40.932473447"
    },
    "se_fastq": {
        "content": [
            [
                
            ]
        ],
        "timestamp": "2023-11-25T21:57:14.122318774"
    },
    "se_stats": {
        "content": [
            [
                [
                    {
                        "id": "test",
                        "single_end": true
                    },
                    "test.stats:md5,de59b04575abceeb5f91d4088653baa9"
                ]
            ]
        ],
        "timestamp": "2023-11-25T21:57:14.133570664"
    },
    "se_csi": {
        "content": [
            [
                
            ]
        ],
        "timestamp": "2023-11-25T21:57:14.129887294"
    },
    "pe_csi": {
        "content": [
            [
                
            ]
        ],
        "timestamp": "2023-11-25T21:57:40.908427279"
    },
    "pe_stats": {
        "content": [
            [
                [
                    {
                        "id": "test",
                        "single_end": false
                    },
                    "test.stats:md5,0f64403e4f929933095d1c9c3c5ca2a3"
                ]
            ]
        ],
        "timestamp": "2023-11-25T21:57:40.914850298"
    },
    "se_flagstat": {
        "content": [
            [
                [
                    {
                        "id": "test",
                        "single_end": true
                    },
                    "test.flagstat:md5,6de3bfde9582ad2532033832091f5c46"
                ]
            ]
        ],
        "timestamp": "2023-11-25T21:57:14.138180623"
    },
    "se_idxstats": {
        "content": [
            [
                [
                    {
                        "id": "test",
                        "single_end": true
                    },
                    "test.idxstats:md5,2a5df85e0d90e55bb2b359f6e05d5fbb"
                ]
            ]
        ],
        "timestamp": "2023-11-25T21:57:14.146233523"
    },
    "pe_bai": {
        "content": [
            [
                [
                    {
                        "id": "test",
                        "single_end": false
                    },
                    "test.sorted.bam.bai:md5,ab51aa55d2da99b8be8e3ea13d112ecb"
                ]
            ]
        ],
        "timestamp": "2023-11-25T21:57:40.901188549"
    },
    "pe_versions": {
        "content": [
            [
                "versions.yml:md5,11b9cf11de1d9c428f6f2d1ff293c420",
                "versions.yml:md5,43bee7624dd94151feeac14346102228",
                "versions.yml:md5,493b15263efc8230741fc8c0a4ab378b",
                "versions.yml:md5,b4ccce0351e5718d36600858452dd4b1",
                "versions.yml:md5,b668538ba8fabc24e2d5ca5c0a1a8b87",
                "versions.yml:md5,e3a6719b98572eab19e8041c59031ac1"
            ]
        ],
        "timestamp": "2023-11-25T21:57:40.941526516"
    }
}