{
    "Human Illumina PE Sorted BAM": {
        "content": [
            [
                "test.paired_end.sorted_PMD_Table.txt:md5,b28a9f4784f30a711046708eb7d94642",
                "test.paired_end.sorted_PMD_Table_counts.txt:md5,1aabfb83cfff6e0413f52d016c943e3e",
                "test.paired_end.sorted_PMD_input_Empiric.txt:md5,8ff876f50ce05dc9aac0646a31682df0",
                "test.paired_end.sorted_PMD_input_Exponential.txt:md5,2421450ef643316f4eacf5cb811e4df7",
                "versions.yml:md5,abec49256c52cb677fa0dad3473ed5a6"
            ]
        ],
        "timestamp": "2023-04-07T21:01:50+0000"
    }
}