{
    "bed": {
        "content": [
            [
                "test_out.testtext:md5,fe4053cf4de3aebbdfc3be2efb125a74",
                "versions.yml:md5,4d685e271db868cbbc9694abac17a7fe"
            ]
        ],
        "timestamp": "2023-04-11T22:22:09+0000"
    },
    "bed_genome": {
        "content": [
            [
                "test_out.testtext:md5,fe4053cf4de3aebbdfc3be2efb125a74",
                "versions.yml:md5,4d685e271db868cbbc9694abac17a7fe"
            ]
        ],
        "timestamp": "2023-04-11T22:22:09+0000"
    }
}