{
    "Sarscov2 Illumina PE Sorted BAM": {
        "content": [
            [
                "test.bam.stats:md5,b7c3f01682673a652d664a2889b15b66",
                "versions.yml:md5,fc7e45728bb7d5d4a80ab217553f0172"
            ]
        ],
        "timestamp": "2023-04-07T23:19:37+0000"
    }
}