{
    "homo_sapiens genome affy_array [celfiles]": {
        "content": [
            {
                "0": [
                    [
                        {
                            "id": "test"
                        },
                        "nulleset.rds:md5,67c8f0fe36c38b2e00d7672c6f368b10"
                    ]
                ],
                "1": [
                    [
                        {
                            "id": "test"
                        },
                        "nullmatrix.tsv:md5,878dfdd16d266ba9b382a8c6f088908b"
                    ]
                ],
                "2": [

                ],
                "3": [
                    "versions.yml:md5,d4eccefc5230f488e9204b46da35eaa2"
                ],
                "annotation": [

                ],
                "expression": [
                    [
                        {
                            "id": "test"
                        },
                        "nullmatrix.tsv:md5,878dfdd16d266ba9b382a8c6f088908b"
                    ]
                ],
                "rds": [
                    [
                        {
                            "id": "test"
                        },
                        "nulleset.rds:md5,67c8f0fe36c38b2e00d7672c6f368b10"
                    ]
                ],
                "versions": [
                    "versions.yml:md5,d4eccefc5230f488e9204b46da35eaa2"
                ]
            }
        ],
        "timestamp": "2023-12-23T20:56:40.969723767"
    },
    "homo_sapiens genome affy_array [celfiles] - stub": {
        "content": [
            [
                "nulleset.rds",
                "nullmatrix.tsv",
                "versions.yml"
            ]
        ],
        "timestamp": "2023-12-23T21:19:12.638499749"
    }
}
