{
    "Sarscov2 Illumina VCF": {
        "content": [
            [
                "test.vcf.gz:md5,4f24467157f5c7a3b336481acf0c8a65",
                "versions.yml:md5,e6c13c4a00c70667184f57c65ebfdeb8"
            ]
        ],
        "timestamp": "2023-04-09T14:03:09+0000"
    }
}