{
    "Candidatus Portiera Aleyrodidarum Proteome Fasta": {
        "content": [
            [
                "test.faa:md5,0435609144022c55ac196db053f0df89",
                "test.tsv:md5,83e6dfa351935981bf54d9ce65b4a20c",
                "versions.yml:md5,f8d5026ccdd8f72c7ac1b5e4670aab49"
            ]
        ],
        "timestamp": "2023-04-06T00:38:27+0000"
    }
}