{
    "unsorted_csv_sort": {
        "content": [
            {
                "0": [
                    [
                        {
                            "id": "test"
                        },
                        "test.csv.sorted:md5,0b52d1b4c4a0c6e972c6f94aafd75a1d"
                    ]
                ],
                "1": [
                    "versions.yml:md5,8ebec31a85721157399cb4faab6e0d26"
                ],
                "sorted": [
                    [
                        {
                            "id": "test"
                        },
                        "test.csv.sorted:md5,0b52d1b4c4a0c6e972c6f94aafd75a1d"
                    ]
                ],
                "versions": [
                    "versions.yml:md5,8ebec31a85721157399cb4faab6e0d26"
                ]
            }
        ],
        "timestamp": "2024-02-19T17:24:44.867163"
    },
    "interval_sort": {
        "content": [
            "test.bed.sorted"
        ],
        "timestamp": "2024-02-19T17:24:35.631753"
    },
    "unsorted_csv_sort_stub": {
        "content": [
            {
                "0": [
                    [
                        {
                            "id": "test"
                        },
                        "test.csv.sorted:md5,d41d8cd98f00b204e9800998ecf8427e"
                    ]
                ],
                "1": [
                    "versions.yml:md5,8ebec31a85721157399cb4faab6e0d26"
                ],
                "sorted": [
                    [
                        {
                            "id": "test"
                        },
                        "test.csv.sorted:md5,d41d8cd98f00b204e9800998ecf8427e"
                    ]
                ],
                "versions": [
                    "versions.yml:md5,8ebec31a85721157399cb4faab6e0d26"
                ]
            }
        ],
        "timestamp": "2024-02-19T17:24:53.537485"
    },
    "sort_stub": {
        "content": [
            "test.csv.sorted"
        ],
        "timestamp": "2024-02-19T17:24:53.570432"
    },
    "csv_sort": {
        "content": [
            "test.csv.sorted"
        ],
        "timestamp": "2024-02-19T17:24:44.897259"
    },
    "unsorted_genome_sort": {
        "content": [
            {
                "0": [
                    [
                        {
                            "id": "genome_test"
                        },
                        "genome_test.bed.sorted:md5,fd97f7efafdbbfa71d9b560f10b4b048"
                    ]
                ],
                "1": [
                    "versions.yml:md5,8ebec31a85721157399cb4faab6e0d26"
                ],
                "sorted": [
                    [
                        {
                            "id": "genome_test"
                        },
                        "genome_test.bed.sorted:md5,fd97f7efafdbbfa71d9b560f10b4b048"
                    ]
                ],
                "versions": [
                    "versions.yml:md5,8ebec31a85721157399cb4faab6e0d26"
                ]
            }
        ],
        "timestamp": "2024-02-19T17:24:26.827214"
    },
    "genome_sort": {
        "content": [
            "genome_test.bed.sorted"
        ],
        "timestamp": "2024-02-19T17:24:26.892978"
    },
    "unsorted_intervals_sort": {
        "content": [
            {
                "0": [
                    [
                        {
                            "id": "test"
                        },
                        "test.bed.sorted:md5,abbce903ef263d38b2f71856387799ab"
                    ]
                ],
                "1": [
                    "versions.yml:md5,8ebec31a85721157399cb4faab6e0d26"
                ],
                "sorted": [
                    [
                        {
                            "id": "test"
                        },
                        "test.bed.sorted:md5,abbce903ef263d38b2f71856387799ab"
                    ]
                ],
                "versions": [
                    "versions.yml:md5,8ebec31a85721157399cb4faab6e0d26"
                ]
            }
        ],
        "timestamp": "2024-02-19T17:24:35.58878"
    }
}