{
    "sarscov2_sample_singlend_fqgz_stub": {
        "content": [
            {
                "0": [
                    [
                        {
                            "id": "test",
                            "single_end": true
                        },
                        "test.sampled_test_1.fastq.gz:md5,e5f44fafd7351c5abb9925a075132941"
                    ]
                ],
                "1": [
                    "versions.yml:md5,0529f2d163df9e2cd2ae8254dfb63806"
                ],
                "reads": [
                    [
                        {
                            "id": "test",
                            "single_end": true
                        },
                        "test.sampled_test_1.fastq.gz:md5,e5f44fafd7351c5abb9925a075132941"
                    ]
                ],
                "versions": [
                    "versions.yml:md5,0529f2d163df9e2cd2ae8254dfb63806"
                ]
            }
        ],
        "timestamp": "2024-02-21T11:35:56.857864"
    },
    "sarscov2_sample_pairedend_fqgz": {
        "content": [
            {
                "0": [
                    [
                        {
                            "id": "test",
                            "single_end": true
                        },
                        "test.sampled_test_1.fastq.gz:md5,e5f44fafd7351c5abb9925a075132941"
                    ]
                ],
                "1": [
                    "versions.yml:md5,0529f2d163df9e2cd2ae8254dfb63806"
                ],
                "reads": [
                    [
                        {
                            "id": "test",
                            "single_end": true
                        },
                        "test.sampled_test_1.fastq.gz:md5,e5f44fafd7351c5abb9925a075132941"
                    ]
                ],
                "versions": [
                    "versions.yml:md5,0529f2d163df9e2cd2ae8254dfb63806"
                ]
            }
        ],
        "timestamp": "2024-02-21T11:35:48.84825"
    },
    "sarscov2_sample_singleend_fqgz": {
        "content": [
            {
                "0": [
                    [
                        {
                            "id": "test",
                            "single_end": true
                        },
                        "test.sampled_test_1.fastq.gz:md5,e5f44fafd7351c5abb9925a075132941"
                    ]
                ],
                "1": [
                    "versions.yml:md5,0529f2d163df9e2cd2ae8254dfb63806"
                ],
                "reads": [
                    [
                        {
                            "id": "test",
                            "single_end": true
                        },
                        "test.sampled_test_1.fastq.gz:md5,e5f44fafd7351c5abb9925a075132941"
                    ]
                ],
                "versions": [
                    "versions.yml:md5,0529f2d163df9e2cd2ae8254dfb63806"
                ]
            }
        ],
        "timestamp": "2024-02-21T11:35:41.142174"
    },
    "single_end_stub": {
        "content": [
            "test.sampled_test_1.fastq.gz"
        ],
        "timestamp": "2024-02-21T11:35:56.89053"
    },
    "single_end": {
        "content": [
            "test.sampled_test_1.fastq.gz"
        ],
        "timestamp": "2024-02-21T11:35:41.193161"
    },
    "paired_end": {
        "content": [
            "test.sampled_test_1.fastq.gz"
        ],
        "timestamp": "2024-02-21T11:35:48.878539"
    }
}