{
    "Human Illumina VCF": {
        "content": [
            "#CHROM\tPOS\tID\tREF\tALT\tQUAL\tFILTER\tINFO\tFORMAT\ttestN",
            "versions.yml:md5,25d39fb2e3741d7800cd88a4c144840f"
        ],
        "timestamp": "2023-04-11T00:54:57+0000"
    }
}