{
    "Single End": {
        "content": [
            [
                "test.txt:md5,ba6a78659eb15d0d130d5daee8c87ead",
                "versions.yml:md5,694697087b868316aa450d1bc3775373"
            ]
        ],
        "timestamp": "2023-04-08T14:41:36+0000"
    }
}