{
    "Sarscov2 Illumina SE BAM": {
        "content": [
            [
                "test.bed:md5,a6a299bd39dc56225f8029c05ea97dcb",
                "versions.yml:md5,049e965c6f0ce4dc291bfbdd0191a1ca"
            ]
        ],
        "timestamp": "2023-04-11T19:31:05+0000"
    }
}