{
    "vcf_with_optional_files": {
        "content": [
            [
                "out.txt:md5,5a87e0865df2f0ab2884fc113ec2a70d",
                "versions.yml:md5,d1978d587f90107b0e03ea84fc59f930"
            ]
        ],
        "timestamp": "2023-04-10T22:05:36+0000"
    },
    "vcf": {
        "content": [
            [
                "out.txt:md5,c32a6d28f185822d8fe1eeb7e42ec155",
                "versions.yml:md5,d1978d587f90107b0e03ea84fc59f930"
            ]
        ],
        "timestamp": "2023-04-10T22:05:36+0000"
    }
}