{
    "Sarscov2 Illumina VCF Genome Fasta": {
        "content": [
            [
                "test.fa:md5,e57d3e4d113f989bc069c5fd61627091",
                "versions.yml:md5,12d82a78ae17363a1d697e785a08469f"
            ]
        ],
        "timestamp": "2023-04-08T15:22:25+0000"
    }
}