{
    "single_end": {
        "content": [
            "versions.yml:md5,90b331a3702d052d61e0a14189e3fc01",
            "test.fastq.gz:md5,709872fc2910431b1e8b7074bfe38c67"
        ],
        "timestamp": "2023-04-08T02:37:52+0000"
    },
    "paired_end": {
        "content": [
            "versions.yml:md5,90b331a3702d052d61e0a14189e3fc01",
            "test_1.nm.fastq.gz:md5,a3a03cfae9f7afcba34a7b5a5875d4ea",
            "test_2.nm.fastq.gz:md5,8775e4088fa9ed85cf9e837cb27ec207"
        ],
        "timestamp": "2023-04-08T02:37:52+0000"
    }
}