{
    "sarscov2 - fasta - stub": {
        "content": [
            [
                "versions.yml:md5,57ae356f69298e25eb5d070900865cf2"
            ]
        ],
        "timestamp": "2024-02-15T12:45:33.501196"
    },
    "Should run without failures": {
        "content": [
            {
                "0": [
                    [
                        {
                            "id": "test"
                        },
                        "test.txt:md5,5f5d7e926fdf13b0c57651f962cc1253"
                    ]
                ],
                "1": [
                    "versions.yml:md5,57ae356f69298e25eb5d070900865cf2"
                ],
                "counts": [
                    [
                        {
                            "id": "test"
                        },
                        "test.txt:md5,5f5d7e926fdf13b0c57651f962cc1253"
                    ]
                ],
                "versions": [
                    "versions.yml:md5,57ae356f69298e25eb5d070900865cf2"
                ]
            }
        ],
        "timestamp": "2024-02-15T12:40:56.965802"
    }
}