{
    "single-end": {
        "content": [
            {
                "0": [
                    [
                        {
                            "id": "test"
                        },
                        "test.bam:md5,001250f6e785711a7775ac4a40e0b4d0"
                    ]
                ],
                "1": [
                    [
                        {
                            "id": "test"
                        },
                        "test.bam.bai:md5,60fe784bc6d396d1c1eecc81485c24df"
                    ]
                ],
                "2": [
                    "versions.yml:md5,0b2a8c4c438a785a890110a458399bfd"
                ],
                "bai": [
                    [
                        {
                            "id": "test"
                        },
                        "test.bam.bai:md5,60fe784bc6d396d1c1eecc81485c24df"
                    ]
                ],
                "bam": [
                    [
                        {
                            "id": "test"
                        },
                        "test.bam:md5,001250f6e785711a7775ac4a40e0b4d0"
                    ]
                ],
                "versions": [
                    "versions.yml:md5,0b2a8c4c438a785a890110a458399bfd"
                ]
            }
        ],
        "timestamp": "2023-11-28T19:30:58.78090374"
    },
    "paired-end": {
        "content": [
            {
                "0": [
                    [
                        {
                            "id": "test"
                        },
                        "test.bam:md5,a915916a15f2f2642b64ab2ae2b851e5"
                    ]
                ],
                "1": [
                    [
                        {
                            "id": "test"
                        },
                        "test.bam.bai:md5,9c9669e0bd8017d82ecb65c0a96ff457"
                    ]
                ],
                "2": [
                    "versions.yml:md5,0b2a8c4c438a785a890110a458399bfd"
                ],
                "bai": [
                    [
                        {
                            "id": "test"
                        },
                        "test.bam.bai:md5,9c9669e0bd8017d82ecb65c0a96ff457"
                    ]
                ],
                "bam": [
                    [
                        {
                            "id": "test"
                        },
                        "test.bam:md5,a915916a15f2f2642b64ab2ae2b851e5"
                    ]
                ],
                "versions": [
                    "versions.yml:md5,0b2a8c4c438a785a890110a458399bfd"
                ]
            }
        ],
        "timestamp": "2023-11-28T19:31:13.281897409"
    }
}