{
    "Background Subtraction Image Markers": {
        "content": [
            [
                "markers_bs.csv:md5,28fddf3b89ed0a9b17b1f8f28e754612",
                "test.backsub.ome.tif:md5,2eff69d894d7ad2509695228f17b6bd1",
                "versions.yml:md5,233a503568378538d3a570d78ea0a670"
            ]
        ],
        "timestamp": "2023-04-07T22:06:38+0000"
    }
}