{
    "sarscov2 - contigs [fasta] - stub": {
        "content": [
            [
                "test.tsv",
                "versions.yml:md5,5fccbfe34bc2894950abea0d409911b4"
            ]
        ],
        "timestamp": "2023-12-26T20:47:26.54257423"
    },
    "sarscov2 - contigs [fasta]": {
        "content": [
            {
                "0": [
                    [
                        {
                            "id": "test",
                            "single_end": false
                        },
                        "test.tsv:md5,1951084ce1d410028be86754997e5852"
                    ]
                ],
                "1": [
                    "versions.yml:md5,5fccbfe34bc2894950abea0d409911b4"
                ],
                "tsv": [
                    [
                        {
                            "id": "test",
                            "single_end": false
                        },
                        "test.tsv:md5,1951084ce1d410028be86754997e5852"
                    ]
                ],
                "versions": [
                    "versions.yml:md5,5fccbfe34bc2894950abea0d409911b4"
                ]
            }
        ],
        "timestamp": "2023-12-26T20:47:09.588509017"
    }
}