{
    "bed": {
        "content": [
            [
                "test_out.bed:md5,afcbf01c2f2013aad71dbe8e34f2c15c",
                "versions.yml:md5,b75347c6df1358fdf017dbe47c18af7f"
            ]
        ],
        "timestamp": "2023-04-11T21:19:18+0000"
    },
    "bed_bam": {
        "content": [
            [
                "test_out.bam:md5,738324efe2b1e442ceb6539a630c3fe6",
                "versions.yml:md5,b75347c6df1358fdf017dbe47c18af7f"
            ]
        ],
        "timestamp": "2023-04-11T21:19:18+0000"
    }
}