{
    "Sarscov2 Illumina SE Sorted BAM": {
        "content": [
            [
                "test.bam:md5,173cdb4c2713b77c528cac36ca2610fb",
                "versions.yml:md5,b66f7ae54bcd8686660afdd384864d40"
            ]
        ],
        "timestamp": "2023-04-07T23:17:47+0000"
    }
}