{
    "view": {
        "content": [
            [
                "out.vcf.gz:md5,4f24467157f5c7a3b336481acf0c8a65",
                "versions.yml:md5,50dbfa1ac43f11ea9696bd8faa2ffde2"
            ]
        ],
        "timestamp": "2023-04-11T01:11:29+0000"
    },
    "view_with_regions_targets": {
        "content": [
            [
                "out.vcf.gz:md5,ed691eee98c5c5abdf751e3006b8e206",
                "versions.yml:md5,50dbfa1ac43f11ea9696bd8faa2ffde2"
            ]
        ],
        "timestamp": "2023-04-11T01:11:29+0000"
    }
}