{
    "genome_bed_fasta": {
        "content": [
            [
                "test.bed:md5,347f192c141a34dfc4bb7c13fffd44bb",
                "versions.yml:md5,21b18c873c7ca8f5166982532fd82266"
            ]
        ],
        "timestamp": "2023-04-11T19:42:32+0000"
    },
    "genome_bed": {
        "content": [
            [
                "test.bed:md5,de47864c0ae53891d09252eb63cd7269",
                "versions.yml:md5,21b18c873c7ca8f5166982532fd82266"
            ]
        ],
        "timestamp": "2023-04-11T19:42:32+0000"
    },
    "vcf": {
        "content": [
            [
                "test.vcf:md5,376bb3583812c2ffd354510f82f55bc7",
                "versions.yml:md5,21b18c873c7ca8f5166982532fd82266"
            ]
        ],
        "timestamp": "2023-04-11T19:42:32+0000"
    }
}