{
    "multi - tsv": {
        "content": [
            {
                "0": [
                    [
                        {
                            "id": "test"
                        },
                        "data.rds:md5,105c36ec6ee81dd5f6a6f2b122b70208",
                        "app.R:md5,bedcfc45b6cdcc2b8fe3627987e2b17a"
                    ]
                ],
                "1": [
                    "versions.yml:md5,a8175cc675d6b84174fd1b394a5a4cfb"
                ],
                "app": [
                    [
                        {
                            "id": "test"
                        },
                        "data.rds:md5,105c36ec6ee81dd5f6a6f2b122b70208",
                        "app.R:md5,bedcfc45b6cdcc2b8fe3627987e2b17a"
                    ]
                ],
                "versions": [
                    "versions.yml:md5,a8175cc675d6b84174fd1b394a5a4cfb"
                ]
            }
        ],
        "timestamp": "2024-01-07T21:24:15.138277"
    },
    "single - tsv": {
        "content": [
            {
                "0": [
                    [
                        {
                            "id": "test"
                        },
                        "data.rds:md5,3c29bac9c8c3d13b740d47cfd0de0434",
                        "app.R:md5,bedcfc45b6cdcc2b8fe3627987e2b17a"
                    ]
                ],
                "1": [
                    "versions.yml:md5,a8175cc675d6b84174fd1b394a5a4cfb"
                ],
                "app": [
                    [
                        {
                            "id": "test"
                        },
                        "data.rds:md5,3c29bac9c8c3d13b740d47cfd0de0434",
                        "app.R:md5,bedcfc45b6cdcc2b8fe3627987e2b17a"
                    ]
                ],
                "versions": [
                    "versions.yml:md5,a8175cc675d6b84174fd1b394a5a4cfb"
                ]
            }
        ],
        "timestamp": "2024-01-07T21:26:49.827522"
    }
}