{
    "bed": {
        "content": [
            [
                "test.bed:md5,03d8d889a19cf26e038868775bbcbaa7",
                "versions.yml:md5,be7d8cd702693d431094d8dfee085108"
            ]
        ],
        "timestamp": "2023-04-11T22:13:57+0000"
    },
    "bed_sizes": {
        "content": [
            [
                "test.bed:md5,03d8d889a19cf26e038868775bbcbaa7",
                "versions.yml:md5,be7d8cd702693d431094d8dfee085108"
            ]
        ],
        "timestamp": "2023-04-11T22:13:57+0000"
    }
}